196.217.79.189 - - [08/Feb/2016:09:50:49 -0800] "GET /wp-content/uploads/2015/03/4N8A4857-1024x683.jpg HTTP/1.1" 200 115506 "http://hnwatcher.com/silicon-valley/" "Mozilla/5.0 (Windows NT 6.1; rv:43.0) Gecko/20100101 Firefox/43.0"
196.217.79.189 - - [08/Feb/2016:09:50:49 -0800] "GET /wp-content/uploads/2015/03/1-4hdrSSvSgHd6oa4AL5KK3Q.jpeg HTTP/1.1" 200 174731 "http://hnwatcher.com/silicon-valley/" "Mozilla/5.0 (Windows NT 6.1; rv:43.0) Gecko/20100101 Firefox/43.0"
85.218.120.177 - - [08/Feb/2016:09:52:40 -0800] "GET /wp-content/themes/great/js/customscript.js HTTP/1.1" 200 3600 "http://techmeup.co/a-quoi-ca-sert-un-co-fondateur-non-technique/" "Mozilla/5.0 (Macintosh; Intel Mac OS X 10.9; rv:43.0) Gecko/20100101 Firefox/43.0"
85.218.120.177 - - [08/Feb/2016:09:52:40 -0800] "GET /wp-content/plugins/wp-shortcode/css/wp-shortcode.css?ver=4.1.1 HTTP/1.1" 200 2050 "http://techmeup.co/a-quoi-ca-sert-un-co-fondateur-non-technique/" "Mozilla/5.0 (Macintosh; Intel Mac OS X 10.9; rv:43.0) Gecko/20100101 Firefox/43.0"
85.218.120.177 - - [08/Feb/2016:09:52:40 -0800] "GET /wp-includes/js/comment-reply.min.js?ver=4.1.1 HTTP/1.1" 200 757 "http://techmeup.co/a-quoi-ca-sert-un-co-fondateur-non-technique/" "Mozilla/5.0 (Macintosh; Intel Mac OS X 10.9; rv:43.0) Gecko/20100101 Firefox/43.0"
85.218.120.177 - - [08/Feb/2016:09:52:40 -0800] "GET /wp-content/plugins/disqus-comment-system/media/js/disqus.js?ver=4.1.1 HTTP/1.1" 200 1101 "http://techmeup.co/a-quoi-ca-sert-un-co-fondateur-non-technique/" "Mozilla/5.0 (Macintosh; Intel Mac OS X 10.9; rv:43.0) Gecko/20100101 Firefox/43.0"
85.218.120.177 - - [08/Feb/2016:09:52:40 -0800] "GET /wp-content/uploads/2014/12/tumblr_inline_nfw3g9NCQc1r792z4-50x50.jpg HTTP/1.1" 200 2817 "http://techmeup.co/a-quoi-ca-sert-un-co-fondateur-non-technique/" "Mozilla/5.0 (Macintosh; Intel Mac OS X 10.9; rv:43.0) Gecko/20100101 Firefox/43.0"
85.218.120.177 - - [08/Feb/2016:09:52:41 -0800] "GET /wp-content/themes/great/images/arrow.png HTTP/1.1" 200 437 "http://techmeup.co/wp-content/themes/great/style.css" "Mozilla/5.0 (Macintosh; Intel Mac OS X 10.9; rv:43.0) Gecko/20100101 Firefox/43.0"
85.218.120.177 - - [08/Feb/2016:09:52:43 -0800] "GET /a-quoi-ca-sert-un-co-fondateur-non-technique/?cf_action=sync_comments&post_id=27 HTTP/1.1" 200 308 "http://techmeup.co/a-quoi-ca-sert-un-co-fondateur-non-technique/" "Mozilla/5.0 (Macintosh; Intel Mac OS X 10.9; rv:43.0) Gecko/20100101 Firefox/43.0"
92.139.71.249 - - [08/Feb/2016:09:55:08 -0800] "GET /post/98008044383/trouver-un-job-tech-a-san-francisco-ou-dans-la HTTP/1.1" 301 366 "-" "Mozilla/5.0 (Macintosh; Intel Mac OS X 10_11_3) AppleWebKit/601.4.4 (KHTML, like Gecko)"
92.139.71.249 - - [08/Feb/2016:09:55:11 -0800] "GET /trouver-un-job-tech-a-san-francisco-ou-dans-la/apple-touch-icon.png HTTP/1.1" 404 4872 "-" "Safari/11601.4.4 CFNetwork/760.2.6 Darwin/15.3.0 (x86_64)"
92.139.71.249 - - [08/Feb/2016:09:55:23 -0800] "GET /trouver-un-job-tech-a-san-francisco-ou-dans-la HTTP/1.1" 301 442 "-" "Mozilla/5.0 (iPhone; CPU iPhone OS 9_1 like Mac OS X) AppleWebKit/601.1.46 (KHTML, like Gecko) Version/9.0 Mobile/13B143 Safari/601.1"
92.139.71.249 - - [08/Feb/2016:09:55:29 -0800] "GET /apple-touch-icon-precomposed.png HTTP/1.1" 404 4871 "-" "Safari/11601.4.4 CFNetwork/760.2.6 Darwin/15.3.0 (x86_64)"
195.154.172.143 - - [08/Feb/2016:09:55:30 -0800] "GET /wp-content/plugins/hupso-share-buttons-for-twitter-facebook-google/style.css?ver=4.1.1 HTTP/1.1" 200 416 "http://techmeup.co/sylvia-gallusser-expatriee-aux-us-jaime-mon-pays-la-france-reviensleon/" "Mozilla/5.0 (X11; Linux x86_64) AppleWebKit/537.21 (KHTML, like Gecko) wpif Safari/537.21"
195.154.172.143 - - [08/Feb/2016:09:55:30 -0800] "GET /wp-content/plugins/wp-shortcode/css/tipsy.css?ver=4.1.1 HTTP/1.1" 200 868 "http://techmeup.co/sylvia-gallusser-expatriee-aux-us-jaime-mon-pays-la-france-reviensleon/" "Mozilla/5.0 (X11; Linux x86_64) AppleWebKit/537.21 (KHTML, like Gecko) wpif Safari/537.21"
195.154.172.143 - - [08/Feb/2016:09:55:30 -0800] "GET /wp-content/themes/great/images/facebook.png HTTP/1.1" 200 4285 "http://techmeup.co/sylvia-gallusser-expatriee-aux-us-jaime-mon-pays-la-france-reviensleon/" "Mozilla/5.0 (X11; Linux x86_64) AppleWebKit/537.21 (KHTML, like Gecko) wpif Safari/537.21"
195.154.172.143 - - [08/Feb/2016:09:55:30 -0800] "GET /wp-content/themes/great/images/arrow.png HTTP/1.1" 200 437 "http://techmeup.co/sylvia-gallusser-expatriee-aux-us-jaime-mon-pays-la-france-reviensleon/" "Mozilla/5.0 (X11; Linux x86_64) AppleWebKit/537.21 (KHTML, like Gecko) wpif Safari/537.21"
195.154.217.154 - - [08/Feb/2016:09:55:32 -0800] "GET /wp-content/themes/great/style.css HTTP/1.1" 200 7662 "http://techmeup.co/ce-que-je-referais-autrement-invite-cedric-giorgi/" "Mozilla/5.0 (X11; Linux x86_64) AppleWebKit/537.21 (KHTML, like Gecko) wpif Safari/537.21"
195.154.217.154 - - [08/Feb/2016:09:55:32 -0800] "GET /wp-content/plugins/wp-shortcode/css/wp-shortcode.css?ver=4.1.1 HTTP/1.1" 200 2049 "http://techmeup.co/ce-que-je-referais-autrement-invite-cedric-giorgi/" "Mozilla/5.0 (X11; Linux x86_64) AppleWebKit/537.21 (KHTML, like Gecko) wpif Safari/537.21"
195.154.217.154 - - [08/Feb/2016:09:55:32 -0800] "GET /wp-content/uploads/2015/03/Photo-Bio-2013-300x300.jpg HTTP/1.1" 200 24078 "http://techmeup.co/ce-que-je-referais-autrement-invite-cedric-giorgi/" "Mozilla/5.0 (X11; Linux x86_64) AppleWebKit/537.21 (KHTML, like Gecko) wpif Safari/537.21"
195.154.217.154 - - [08/Feb/2016:09:55:32 -0800] "GET /wp-content/themes/great/images/linkedin.png HTTP/1.1" 200 4390 "http://techmeup.co/ce-que-je-referais-autrement-invite-cedric-giorgi/" "Mozilla/5.0 (X11; Linux x86_64) AppleWebKit/537.21 (KHTML, like Gecko) wpif Safari/537.21"
195.154.172.137 - - [08/Feb/2016:09:55:35 -0800] "GET /wp-content/plugins/wp-shortcode/css/tipsy.css?ver=4.1.1 HTTP/1.1" 200 867 "http://techmeup.co/le-talent-cache-de-ludovic-copere-electron-libre-de-linnovation-a-sony-du-japon-au-tango/" "Mozilla/5.0 (X11; Linux x86_64) AppleWebKit/537.21 (KHTML, like Gecko) wpif Safari/537.21"
195.154.172.137 - - [08/Feb/2016:09:55:35 -0800] "GET /wordpress/wp-content/uploads/2015/02/logo-text1.png HTTP/1.1" 200 5144 "http://techmeup.co/le-talent-cache-de-ludovic-copere-electron-libre-de-linnovation-a-sony-du-japon-au-tango/" "Mozilla/5.0 (X11; Linux x86_64) AppleWebKit/537.21 (KHTML, like Gecko) wpif Safari/537.21"
195.154.172.137 - - [08/Feb/2016:09:55:35 -0800] "GET /wp-content/uploads/2014/12/tumblr_inline_nfq2o82z0r1sa6hof-50x50.jpg HTTP/1.1" 200 2106 "http://techmeup.co/le-talent-cache-de-ludovic-copere-electron-libre-de-linnovation-a-sony-du-japon-au-tango/" "Mozilla/5.0 (X11; Linux x86_64) AppleWebKit/537.21 (KHTML, like Gecko) wpif Safari/537.21"
195.154.172.137 - - [08/Feb/2016:09:55:35 -0800] "GET /wp-content/themes/great/images/twitter.png HTTP/1.1" 200 4482 "http://techmeup.co/le-talent-cache-de-ludovic-copere-electron-libre-de-linnovation-a-sony-du-japon-au-tango/" "Mozilla/5.0 (X11; Linux x86_64) AppleWebKit/537.21 (KHTML, like Gecko) wpif Safari/537.21"
195.154.172.143 - - [08/Feb/2016:09:55:36 -0800] "GET /wp-content/plugins/hupso-share-buttons-for-twitter-facebook-google/style.css?ver=4.1.1 HTTP/1.1" 200 416 "http://techmeup.co/ce-que-je-referais-autrement-invitee-mathilde-le-rouzic/" "Mozilla/5.0 (X11; Linux x86_64) AppleWebKit/537.21 (KHTML, like Gecko) wpif Safari/537.21"
195.154.172.143 - - [08/Feb/2016:09:55:36 -0800] "GET /wp-content/plugins/wp-shortcode/css/wp-shortcode.css?ver=4.1.1 HTTP/1.1" 200 2050 "http://techmeup.co/ce-que-je-referais-autrement-invitee-mathilde-le-rouzic/" "Mozilla/5.0 (X11; Linux x86_64) AppleWebKit/537.21 (KHTML, like Gecko) wpif Safari/537.21"
195.154.172.143 - - [08/Feb/2016:09:55:36 -0800] "GET /wp-content/themes/great/images/facebook.png HTTP/1.1" 200 4285 "http://techmeup.co/ce-que-je-referais-autrement-invitee-mathilde-le-rouzic/" "Mozilla/5.0 (X11; Linux x86_64) AppleWebKit/537.21 (KHTML, like Gecko) wpif Safari/537.21"
195.154.172.143 - - [08/Feb/2016:09:55:36 -0800] "GET /wp-content/themes/great/images/arrow.png HTTP/1.1" 200 437 "http://techmeup.co/ce-que-je-referais-autrement-invitee-mathilde-le-rouzic/" "Mozilla/5.0 (X11; Linux x86_64) AppleWebKit/537.21 (KHTML, like Gecko) wpif Safari/537.21"
195.154.179.93 - - [08/Feb/2016:09:55:37 -0800] "GET /wp-content/plugins/wp-shortcode/css/tipsy.css?ver=4.1.1 HTTP/1.1" 200 868 "http://techmeup.co/teresa-colombi-ou-le-futur-de-lexperience-utilisateur/" "Mozilla/5.0 (X11; Linux x86_64) AppleWebKit/537.21 (KHTML, like Gecko) wpif Safari/537.21"
195.154.179.93 - - [08/Feb/2016:09:55:37 -0800] "GET /wp-content/uploads/2014/11/tumblr_inline_neyg93Sin01sa6hof-50x50.jpg HTTP/1.1" 200 2005 "http://techmeup.co/teresa-colombi-ou-le-futur-de-lexperience-utilisateur/" "Mozilla/5.0 (X11; Linux x86_64) AppleWebKit/537.21 (KHTML, like Gecko) wpif Safari/537.21"
195.154.179.93 - - [08/Feb/2016:09:55:37 -0800] "GET /wp-content/themes/great/images/linkedin.png HTTP/1.1" 200 4390 "http://techmeup.co/teresa-colombi-ou-le-futur-de-lexperience-utilisateur/" "Mozilla/5.0 (X11; Linux x86_64) AppleWebKit/537.21 (KHTML, like Gecko) wpif Safari/537.21"
62.210.248.185 - - [08/Feb/2016:09:55:39 -0800] "GET /le-talent-cache-de-jerome-petazzoni-tinkerer-extraordinaire-chez-docker-de-lart-du-code-a-la-musique/ HTTP/1.1" 200 9667 "-" "Mozilla/5.0 (X11; Linux x86_64) AppleWebKit/537.21 (KHTML, like Gecko) wpif Safari/537.21"
62.210.248.185 - - [08/Feb/2016:09:55:40 -0800] "GET /wp-content/plugins/wp-shortcode/css/wp-shortcode.css?ver=4.1.1 HTTP/1.1" 200 2050 "http://techmeup.co/le-talent-cache-de-jerome-petazzoni-tinkerer-extraordinaire-chez-docker-de-lart-du-code-a-la-musique/" "Mozilla/5.0 (X11; Linux x86_64) AppleWebKit/537.21 (KHTML, like Gecko) wpif Safari/537.21"
62.210.248.185 - - [08/Feb/2016:09:55:40 -0800] "GET /wp-content/uploads/2015/03/1-9mRgHn-sBX_FQuA08m4kdA-1024x755.jpeg HTTP/1.1" 200 97500 "http://techmeup.co/le-talent-cache-de-jerome-petazzoni-tinkerer-extraordinaire-chez-docker-de-lart-du-code-a-la-musique/" "Mozilla/5.0 (X11; Linux x86_64) AppleWebKit/537.21 (KHTML, like Gecko) wpif Safari/537.21"
62.210.248.185 - - [08/Feb/2016:09:55:40 -0800] "GET /wp-content/themes/great/images/twitter.png HTTP/1.1" 200 4482 "http://techmeup.co/le-talent-cache-de-jerome-petazzoni-tinkerer-extraordinaire-chez-docker-de-lart-du-code-a-la-musique/" "Mozilla/5.0 (X11; Linux x86_64) AppleWebKit/537.21 (KHTML, like Gecko) wpif Safari/537.21"
62.210.248.185 - - [08/Feb/2016:09:55:40 -0800] "GET /wp-content/themes/great/images/facebook.png HTTP/1.1" 200 4285 "http://techmeup.co/le-talent-cache-de-jerome-petazzoni-tinkerer-extraordinaire-chez-docker-de-lart-du-code-a-la-musique/" "Mozilla/5.0 (X11; Linux x86_64) AppleWebKit/537.21 (KHTML, like Gecko) wpif Safari/537.21"
195.154.217.154 - - [08/Feb/2016:09:55:41 -0800] "GET /wp-content/plugins/easy-twitter-feed-widget/easy-twitter-feed-widget.css?ver=4.1.1 HTTP/1.1" 200 505 "http://techmeup.co/du-travail-pour-les-epoux-epouses-dimmigres-tech-aux-us/" "Mozilla/5.0 (X11; Linux x86_64) AppleWebKit/537.21 (KHTML, like Gecko) wpif Safari/537.21"
195.154.217.154 - - [08/Feb/2016:09:55:41 -0800] "GET /wp-content/uploads/2015/02/tumblr_inline_nixmj1dBlt1sygmpd-50x50.jpg HTTP/1.1" 200 2351 "http://techmeup.co/du-travail-pour-les-epoux-epouses-dimmigres-tech-aux-us/" "Mozilla/5.0 (X11; Linux x86_64) AppleWebKit/537.21 (KHTML, like Gecko) wpif Safari/537.21"
195.154.217.154 - - [08/Feb/2016:09:55:41 -0800] "GET /wp-content/themes/great/images/linkedin.png HTTP/1.1" 200 4390 "http://techmeup.co/du-travail-pour-les-epoux-epouses-dimmigres-tech-aux-us/" "Mozilla/5.0 (X11; Linux x86_64) AppleWebKit/537.21 (KHTML, like Gecko) wpif Safari/537.21"
62.210.248.185 - - [08/Feb/2016:09:55:43 -0800] "GET /le-talent-cache-dadrien-friggeri-data-scientist-chez-facebook-savoir-passer-du-code-a-la-maille/ HTTP/1.1" 200 9062 "-" "Mozilla/5.0 (X11; Linux x86_64) AppleWebKit/537.21 (KHTML, like Gecko) wpif Safari/537.21"
62.210.248.185 - - [08/Feb/2016:09:55:43 -0800] "GET /wp-content/themes/great/style.css HTTP/1.1" 200 7662 "http://techmeup.co/le-talent-cache-dadrien-friggeri-data-scientist-chez-facebook-savoir-passer-du-code-a-la-maille/" "Mozilla/5.0 (X11; Linux x86_64) AppleWebKit/537.21 (KHTML, like Gecko) wpif Safari/537.21"
62.210.248.185 - - [08/Feb/2016:09:55:43 -0800] "GET /wp-content/uploads/2015/02/1620528_10152406520622652_278602715_n-300x300.jpg HTTP/1.1" 200 37377 "http://techmeup.co/le-talent-cache-dadrien-friggeri-data-scientist-chez-facebook-savoir-passer-du-code-a-la-maille/" "Mozilla/5.0 (X11; Linux x86_64) AppleWebKit/537.21 (KHTML, like Gecko) wpif Safari/537.21"
62.210.248.185 - - [08/Feb/2016:09:55:43 -0800] "GET /wp-content/themes/great/images/linkedin.png HTTP/1.1" 200 4390 "http://techmeup.co/le-talent-cache-dadrien-friggeri-data-scientist-chez-facebook-savoir-passer-du-code-a-la-maille/" "Mozilla/5.0 (X11; Linux x86_64) AppleWebKit/537.21 (KHTML, like Gecko) wpif Safari/537.21"
62.210.248.185 - - [08/Feb/2016:09:55:44 -0800] "GET /suivez-nous-sur-facebook-twitter-et-maintenant-linkedin/ HTTP/1.1" 200 7034 "-" "Mozilla/5.0 (X11; Linux x86_64) AppleWebKit/537.21 (KHTML, like Gecko) wpif Safari/537.21"
62.210.248.185 - - [08/Feb/2016:09:55:45 -0800] "GET /wp-content/themes/great/style.css HTTP/1.1" 200 7662 "http://techmeup.co/suivez-nous-sur-facebook-twitter-et-maintenant-linkedin/" "Mozilla/5.0 (X11; Linux x86_64) AppleWebKit/537.21 (KHTML, like Gecko) wpif Safari/537.21"
62.210.248.185 - - [08/Feb/2016:09:55:45 -0800] "GET /wp-content/uploads/2015/02/photo-7-50x50.jpg HTTP/1.1" 200 2288 "http://techmeup.co/suivez-nous-sur-facebook-twitter-et-maintenant-linkedin/" "Mozilla/5.0 (X11; Linux x86_64) AppleWebKit/537.21 (KHTML, like Gecko) wpif Safari/537.21"
62.210.248.185 - - [08/Feb/2016:09:55:45 -0800] "GET /wp-content/themes/great/images/facebook.png HTTP/1.1" 200 4285 "http://techmeup.co/suivez-nous-sur-facebook-twitter-et-maintenant-linkedin/" "Mozilla/5.0 (X11; Linux x86_64) AppleWebKit/537.21 (KHTML, like Gecko) wpif Safari/537.21"
195.154.172.143 - - [08/Feb/2016:09:55:46 -0800] "GET /wp-content/plugins/hupso-share-buttons-for-twitter-facebook-google/style.css?ver=4.1.1 HTTP/1.1" 200 416 "http://techmeup.co/adieu-tumblr/" "Mozilla/5.0 (X11; Linux x86_64) AppleWebKit/537.21 (KHTML, like Gecko) wpif Safari/537.21"
195.154.172.143 - - [08/Feb/2016:09:55:46 -0800] "GET /wp-content/plugins/wp-shortcode/css/tipsy.css?ver=4.1.1 HTTP/1.1" 200 868 "http://techmeup.co/adieu-tumblr/" "Mozilla/5.0 (X11; Linux x86_64) AppleWebKit/537.21 (KHTML, like Gecko) wpif Safari/537.21"
195.154.172.143 - - [08/Feb/2016:09:55:46 -0800] "GET /wp-content/themes/great/images/linkedin.png HTTP/1.1" 200 4391 "http://techmeup.co/adieu-tumblr/" "Mozilla/5.0 (X11; Linux x86_64) AppleWebKit/537.21 (KHTML, like Gecko) wpif Safari/537.21"
195.154.172.143 - - [08/Feb/2016:09:55:46 -0800] "GET /wp-content/uploads/2015/02/Hedge-Funds-and-Social-Media-50x50.jpg HTTP/1.1" 200 1964 "http://techmeup.co/adieu-tumblr/" "Mozilla/5.0 (X11; Linux x86_64) AppleWebKit/537.21 (KHTML, like Gecko) wpif Safari/537.21"
41.188.5.237 - - [08/Feb/2016:09:56:37 -0800] "GET /wp-content/uploads/2015/03/4N8A4857-1024x683.jpg HTTP/1.1" 200 21900 "http://hnwatcher.com/silicon-valley/2015/12/26/recueil-dhistoires-de-talents-francais-de-san-francisco/" "Mozilla/5.0 (Windows NT 6.3; WOW64) AppleWebKit/537.36 (KHTML, like Gecko) Chrome/43.0.2357.124 Safari/537.36"
41.188.5.216 - - [08/Feb/2016:09:57:44 -0800] "GET /wp-content/uploads/2015/02/1620528_10152406520622652_278602715_n-300x300.jpg HTTP/1.1" 206 346 "http://hnwatcher.com/silicon-valley/2015/12/26/recueil-dhistoires-de-talents-francais-de-san-francisco/" "Mozilla/5.0 (Windows NT 6.3; WOW64) AppleWebKit/537.36 (KHTML, like Gecko) Chrome/43.0.2357.124 Safari/537.36"
41.188.5.216 - - [08/Feb/2016:09:57:52 -0800] "GET /wp-content/uploads/2015/03/1-l57K-8uyN9ELuGbgcaItmw-1024x524.png HTTP/1.1" 206 347 "http://hnwatcher.com/silicon-valley/2015/12/26/recueil-dhistoires-de-talents-francais-de-san-francisco/" "Mozilla/5.0 (Windows NT 6.3; WOW64) AppleWebKit/537.36 (KHTML, like Gecko) Chrome/43.0.2357.124 Safari/537.36"
41.188.5.216 - - [08/Feb/2016:09:58:00 -0800] "GET /wp-content/uploads/2015/03/Screenshot-2015-03-13-20.20.39-1024x165.png HTTP/1.1" 200 33580 "http://hnwatcher.com/silicon-valley/2015/12/26/recueil-dhistoires-de-talents-francais-de-san-francisco/" "Mozilla/5.0 (Windows NT 6.3; WOW64) AppleWebKit/537.36 (KHTML, like Gecko) Chrome/43.0.2357.124 Safari/537.36"
196.217.79.189 - - [08/Feb/2016:10:01:55 -0800] "GET /wp-content/uploads/2015/02/1620528_10152406520622652_278602715_n-300x300.jpg HTTP/1.1" 200 37378 "http://hnwatcher.com/silicon-valley/" "Mozilla/5.0 (Windows NT 6.1; rv:43.0) Gecko/20100101 Firefox/43.0"
196.217.79.189 - - [08/Feb/2016:10:01:56 -0800] "GET /wp-content/uploads/2015/03/1-4hdrSSvSgHd6oa4AL5KK3Q.jpeg HTTP/1.1" 200 174731 "http://hnwatcher.com/silicon-valley/" "Mozilla/5.0 (Windows NT 6.1; rv:43.0) Gecko/20100101 Firefox/43.0"
41.188.5.216 - - [08/Feb/2016:09:57:54 -0800] "GET /wp-content/uploads/2015/03/1-9mRgHn-sBX_FQuA08m4kdA-1024x755.jpeg HTTP/1.1" 200 51100 "http://hnwatcher.com/silicon-valley/2015/12/26/recueil-dhistoires-de-talents-francais-de-san-francisco/" "Mozilla/5.0 (Windows NT 6.3; WOW64) AppleWebKit/537.36 (KHTML, like Gecko) Chrome/43.0.2357.124 Safari/537.36"
89.95.130.140 - - [08/Feb/2016:10:04:42 -0800] "GET /wp-content/uploads/2015/03/1-l57K-8uyN9ELuGbgcaItmw.png HTTP/1.1" 200 112061 "https://www.google.fr/" "Mozilla/5.0 (iPad; CPU OS 9_0_2 like Mac OS X) AppleWebKit/601.1.46 (KHTML, like Gecko) Version/9.0 Mobile/13A452 Safari/601.1"
46.118.116.135 - - [08/Feb/2016:10:07:47 -0800] "GET /steeve-morin-de-google-a-lentreprenariat/ HTTP/1.1" 200 29442 "http://fealq.com/" "Mozilla/5.0 (Windows NT 5.1; U; en) Opera 8.01"
62.210.250.66 - - [08/Feb/2016:10:07:42 -0800] "POST /xmlrpc.php HTTP/1.1" 200 433 "http://hnwatcher.com/" "Mozilla/5.0 (Windows NT 10.0; WOW64) AppleWebKit/537.36 (KHTML, like Gecko) Chrome/46.0.2490.86 Safari/537.36"
202.39.169.163 - - [08/Feb/2016:10:10:52 -0800] "GET /je-viens-chercher-mon-stage-dans-la-silicon-valley/apple-touch-icon.png HTTP/1.1" 404 4872 "-" "Safari/11601.4.4 CFNetwork/760.2.6 Darwin/15.3.0 (x86_64)"
202.39.169.163 - - [08/Feb/2016:10:11:04 -0800] "GET /post/104173274688/je-viens-chercher-mon-stage-dans-la-silicon-valley HTTP/1.1" 301 370 "-" "Mozilla/5.0 (iPhone; CPU iPhone OS 9_1 like Mac OS X) AppleWebKit/601.1.46 (KHTML, like Gecko) Version/9.0 Mobile/13B143 Safari/601.1"
202.39.169.163 - - [08/Feb/2016:10:11:08 -0800] "GET /apple-touch-icon-precomposed.png HTTP/1.1" 404 4871 "-" "Safari/11601.4.4 CFNetwork/760.2.6 Darwin/15.3.0 (x86_64)"
176.154.81.156 - - [08/Feb/2016:10:11:54 -0800] "GET /wp-content/uploads/2015/03/1-9mRgHn-sBX_FQuA08m4kdA-1024x755.jpeg HTTP/1.1" 200 97501 "http://hnwatcher.com/silicon-valley/" "Mozilla/5.0 (Windows NT 6.3; WOW64) AppleWebKit/537.36 (KHTML, like Gecko) Chrome/48.0.2564.103 Safari/537.36"
176.154.81.156 - - [08/Feb/2016:10:12:04 -0800] "GET /wp-content/uploads/2015/03/Screenshot-2015-03-13-20.20.39-1024x165.png HTTP/1.1" 200 203836 "http://hnwatcher.com/silicon-valley/" "Mozilla/5.0 (Windows NT 6.3; WOW64) AppleWebKit/537.36 (KHTML, like Gecko) Chrome/48.0.2564.103 Safari/537.36"
196.217.79.189 - - [08/Feb/2016:10:13:09 -0800] "GET /wp-content/uploads/2015/02/10527525_10153205547817652_3810498128776234928_n-300x300.jpg HTTP/1.1" 200 34314 "http://hnwatcher.com/silicon-valley/" "Mozilla/5.0 (Windows NT 6.1; rv:43.0) Gecko/20100101 Firefox/43.0"
196.217.79.189 - - [08/Feb/2016:10:13:10 -0800] "GET /wp-content/uploads/2015/03/Screenshot-2015-03-13-20.20.39-1024x165.png HTTP/1.1" 200 203836 "http://hnwatcher.com/silicon-valley/" "Mozilla/5.0 (Windows NT 6.1; rv:43.0) Gecko/20100101 Firefox/43.0"
90.127.2.18 - - [08/Feb/2016:10:14:47 -0800] "GET /wp-content/uploads/2015/02/1620528_10152406520622652_278602715_n-300x300.jpg HTTP/1.1" 200 37378 "http://hnwatcher.com/silicon-valley/" "Mozilla/5.0 (Macintosh; Intel Mac OS X 10_10_5) AppleWebKit/537.36 (KHTML, like Gecko) Chrome/39.0.2171.71 Safari/537.36"
90.127.2.18 - - [08/Feb/2016:10:14:48 -0800] "GET /wp-content/uploads/2015/03/4N8A4857-1024x683.jpg HTTP/1.1" 200 115505 "http://hnwatcher.com/silicon-valley/" "Mozilla/5.0 (Macintosh; Intel Mac OS X 10_10_5) AppleWebKit/537.36 (KHTML, like Gecko) Chrome/39.0.2171.71 Safari/537.36"
62.210.250.66 - - [08/Feb/2016:10:17:50 -0800] "POST /xmlrpc.php HTTP/1.1" 200 433 "http://hnwatcher.com/" "Mozilla/5.0 (Windows NT 10.0; WOW64) AppleWebKit/537.36 (KHTML, like Gecko) Chrome/46.0.2490.86 Safari/537.36"
196.217.79.189 - - [08/Feb/2016:10:19:09 -0800] "GET /wp-content/uploads/2015/03/4N8A4857-1024x683.jpg HTTP/1.1" 200 115506 "http://hnwatcher.com/silicon-valley/" "Mozilla/5.0 (Windows NT 6.1; rv:43.0) Gecko/20100101 Firefox/43.0"
62.210.250.66 - - [08/Feb/2016:10:19:04 -0800] "POST /xmlrpc.php HTTP/1.1" 200 433 "http://hnwatcher.com/" "Mozilla/5.0 (Windows NT 10.0; WOW64) AppleWebKit/537.36 (KHTML, like Gecko) Chrome/46.0.2490.86 Safari/537.36"
66.249.64.132 - - [08/Feb/2016:10:21:49 -0800] "GET /2014/07/ HTTP/1.1" 200 6200 "-" "Mozilla/5.0 (compatible; Googlebot/2.1; +http://www.google.com/bot.html)"
62.210.250.66 - - [08/Feb/2016:10:29:39 -0800] "POST /xmlrpc.php HTTP/1.1" 200 433 "http://hnwatcher.com/" "Mozilla/5.0 (Windows NT 10.0; WOW64) AppleWebKit/537.36 (KHTML, like Gecko) Chrome/46.0.2490.86 Safari/537.36"
54.166.254.145 - - [08/Feb/2016:10:34:12 -0800] "GET /post/82751586873/techmeup-le-monde-merveilleux-de-la-tech HTTP/1.1" 301 360 "-" "Mozilla/5.0 (compatible; linkdexbot/2.0; +http://www.linkdex.com/bots/)"
217.66.157.77 - - [08/Feb/2016:10:35:06 -0800] "GET /favicon.ico HTTP/1.1" 200 239 "-" "Mozilla/5.0 (Linux; Android 5.0.2; SM-T355 Build/LRX22G) AppleWebKit/537.36 (KHTML, like Gecko) Chrome/46.0.2490.86 YaBrowser/15.12.2.6773.01 Yowser/2.5.2 Safari/537.36"
196.217.79.189 - - [08/Feb/2016:10:35:30 -0800] "GET /wp-content/uploads/2015/03/1-9mRgHn-sBX_FQuA08m4kdA-1024x755.jpeg HTTP/1.1" 200 97501 "http://hnwatcher.com/silicon-valley/" "Mozilla/5.0 (Windows NT 6.1; rv:43.0) Gecko/20100101 Firefox/43.0"
196.217.79.189 - - [08/Feb/2016:10:35:31 -0800] "GET /wp-content/uploads/2015/03/Screenshot-2015-03-13-20.20.39-1024x165.png HTTP/1.1" 200 203835 "http://hnwatcher.com/silicon-valley/" "Mozilla/5.0 (Windows NT 6.1; rv:43.0) Gecko/20100101 Firefox/43.0"
62.210.250.66 - - [08/Feb/2016:10:37:26 -0800] "POST /xmlrpc.php HTTP/1.1" 200 433 "http://hnwatcher.com/" "Mozilla/5.0 (Windows NT 10.0; WOW64) AppleWebKit/537.36 (KHTML, like Gecko) Chrome/46.0.2490.86 Safari/537.36"
198.58.102.155 - - [08/Feb/2016:10:41:12 -0800] "GET /rss HTTP/1.1" 304 219 "-" "Superfeedr bot/2.0 http://superfeedr.com - Make your feeds realtime: get in touch - feed-id:138292308"
62.210.250.66 - - [08/Feb/2016:10:45:42 -0800] "POST /xmlrpc.php HTTP/1.1" 200 433 "http://hnwatcher.com/" "Mozilla/5.0 (Windows NT 10.0; WOW64) AppleWebKit/537.36 (KHTML, like Gecko) Chrome/46.0.2490.86 Safari/537.36"
62.210.250.66 - - [08/Feb/2016:10:49:10 -0800] "POST /xmlrpc.php HTTP/1.1" 200 433 "http://hnwatcher.com/" "Mozilla/5.0 (Windows NT 10.0; WOW64) AppleWebKit/537.36 (KHTML, like Gecko) Chrome/46.0.2490.86 Safari/537.36"
62.210.250.66 - - [08/Feb/2016:10:52:49 -0800] "POST /xmlrpc.php HTTP/1.1" 200 433 "http://hnwatcher.com/" "Mozilla/5.0 (Windows NT 10.0; WOW64) AppleWebKit/537.36 (KHTML, like Gecko) Chrome/46.0.2490.86 Safari/537.36"
62.210.250.66 - - [08/Feb/2016:10:56:24 -0800] "POST /xmlrpc.php HTTP/1.1" 200 433 "http://hnwatcher.com/" "Mozilla/5.0 (Windows NT 10.0; WOW64) AppleWebKit/537.36 (KHTML, like Gecko) Chrome/46.0.2490.86 Safari/537.36"
62.210.250.66 - - [08/Feb/2016:11:00:03 -0800] "POST /xmlrpc.php HTTP/1.1" 200 433 "http://hnwatcher.com/" "Mozilla/5.0 (Windows NT 10.0; WOW64) AppleWebKit/537.36 (KHTML, like Gecko) Chrome/46.0.2490.86 Safari/537.36"
62.210.250.66 - - [08/Feb/2016:11:01:21 -0800] "POST /xmlrpc.php HTTP/1.1" 200 433 "http://hnwatcher.com/" "Mozilla/5.0 (Windows NT 10.0; WOW64) AppleWebKit/537.36 (KHTML, like Gecko) Chrome/46.0.2490.86 Safari/537.36"
37.162.91.158 - - [08/Feb/2016:11:01:35 -0800] "GET /apple-touch-icon-precomposed.png HTTP/1.1" 404 4871 "-" "Safari/11601.4.4 CFNetwork/760.2.6 Darwin/15.3.0 (x86_64)"
37.162.91.158 - - [08/Feb/2016:11:01:46 -0800] "GET /techmeup-le-monde-merveilleux-de-la-tech/ HTTP/1.1" 200 9489 "-" "Mozilla/5.0 (iPhone; CPU iPhone OS 9_1 like Mac OS X) AppleWebKit/601.1.46 (KHTML, like Gecko) Version/9.0 Mobile/13B143 Safari/601.1"
69.163.208.122 - - [08/Feb/2016:11:02:00 -0800] "POST /xmlrpc.php HTTP/1.1" 200 629 "-" "-"
78.253.11.28 - - [08/Feb/2016:11:04:20 -0800] "GET / HTTP/1.1" 200 33373 "-" "Mozilla/5.0 (compatible; Googlebot/2.1; +http://www.google.com/bot.html)"
198.154.246.91 - - [08/Feb/2016:11:06:08 -0800] "POST /xmlrpc.php HTTP/1.1" 200 629 "-" "-"
62.210.250.66 - - [08/Feb/2016:11:07:28 -0800] "POST /xmlrpc.php HTTP/1.1" 200 433 "http://hnwatcher.com/" "Mozilla/5.0 (Windows NT 10.0; WOW64) AppleWebKit/537.36 (KHTML, like Gecko) Chrome/46.0.2490.86 Safari/537.36"
62.210.250.66 - - [08/Feb/2016:11:11:10 -0800] "POST /xmlrpc.php HTTP/1.1" 200 433 "http://hnwatcher.com/" "Mozilla/5.0 (Windows NT 10.0; WOW64) AppleWebKit/537.36 (KHTML, like Gecko) Chrome/46.0.2490.86 Safari/537.36"
86.246.217.7 - - [08/Feb/2016:11:13:56 -0800] "GET /feed/ HTTP/1.1" 304 219 "-" "Mozilla/5.0 Vienna/3.0.9"
95.108.129.196 - - [08/Feb/2016:11:15:11 -0800] "GET / HTTP/1.1" 200 7274 "-" "Mozilla/5.0 (compatible; YandexMetrika/2.0; +http://yandex.com/bots mtmon01e.yandex.ru)"
192.99.107.206 - - [08/Feb/2016:11:18:20 -0800] "GET /robots.txt HTTP/1.1" 200 367 "-" "Mozilla/5.0 (compatible; meanpathbot/1.0; +http://www.meanpath.com/meanpathbot.html)"
82.220.38.35 - - [08/Feb/2016:11:19:09 -0800] "POST /xmlrpc.php HTTP/1.1" 200 481 "-" "Mozilla/5.0 (X11; Ubuntu; Linux x86_64; rv:23.0) Gecko/20100101 Firefox/23.0"
198.58.99.82 - - [08/Feb/2016:11:20:43 -0800] "GET /rss HTTP/1.1" 304 219 "-" "Superfeedr bot/2.0 http://superfeedr.com - Make your feeds realtime: get in touch - feed-id:138292308"
142.137.49.90 - - [08/Feb/2016:11:22:43 -0800] "GET /wp-content/uploads/2014/07/tumblr_inline_n99vb998z21sygmpd-50x50.jpg HTTP/1.1" 200 2503 "http://techmeup.co/pierre-olivier-pod-dybman-le-tech-francais-de/" "Mozilla/5.0 (X11; Linux x86_64) AppleWebKit/537.36 (KHTML, like Gecko) Chrome/48.0.2564.97 Safari/537.36"
62.210.250.66 - - [08/Feb/2016:11:24:46 -0800] "POST /xmlrpc.php HTTP/1.1" 200 433 "http://hnwatcher.com/" "Mozilla/5.0 (Windows NT 10.0; WOW64) AppleWebKit/537.36 (KHTML, like Gecko) Chrome/46.0.2490.86 Safari/537.36"
198.58.103.92 - - [08/Feb/2016:11:28:36 -0800] "GET /rss HTTP/1.1" 304 219 "-" "Superfeedr bot/2.0 http://superfeedr.com - Make your feeds realtime: get in touch - feed-id:138292308"
62.210.250.66 - - [08/Feb/2016:11:33:21 -0800] "POST /xmlrpc.php HTTP/1.1" 200 433 "http://hnwatcher.com/" "Mozilla/5.0 (Windows NT 10.0; WOW64) AppleWebKit/537.36 (KHTML, like Gecko) Chrome/46.0.2490.86 Safari/537.36"
2.1.201.36 - - [08/Feb/2016:11:36:17 -0800] "GET /rss HTTP/1.1" 304 163 "http://techmeup.co/rss" "FreshRSS/1.0.0 (Linux; http://freshrss.org) SimplePie/1.4-dev-FreshRSS"
62.210.250.66 - - [08/Feb/2016:11:37:25 -0800] "POST /xmlrpc.php HTTP/1.1" 200 433 "http://hnwatcher.com/" "Mozilla/5.0 (Windows NT 10.0; WOW64) AppleWebKit/537.36 (KHTML, like Gecko) Chrome/46.0.2490.86 Safari/537.36"
62.210.250.66 - - [08/Feb/2016:11:41:25 -0800] "POST /xmlrpc.php HTTP/1.1" 200 433 "http://hnwatcher.com/" "Mozilla/5.0 (Windows NT 10.0; WOW64) AppleWebKit/537.36 (KHTML, like Gecko) Chrome/46.0.2490.86 Safari/537.36"
62.210.250.66 - - [08/Feb/2016:11:43:49 -0800] "POST /xmlrpc.php HTTP/1.1" 200 433 "http://hnwatcher.com/" "Mozilla/5.0 (Windows NT 10.0; WOW64) AppleWebKit/537.36 (KHTML, like Gecko) Chrome/46.0.2490.86 Safari/537.36"
62.210.250.66 - - [08/Feb/2016:11:45:42 -0800] "POST /xmlrpc.php HTTP/1.1" 200 433 "http://hnwatcher.com/" "Mozilla/5.0 (Windows NT 10.0; WOW64) AppleWebKit/537.36 (KHTML, like Gecko) Chrome/46.0.2490.86 Safari/537.36"
198.58.103.92 - - [08/Feb/2016:11:47:26 -0800] "GET /rss HTTP/1.1" 304 219 "-" "Superfeedr bot/2.0 http://superfeedr.com - Make your feeds realtime: get in touch - feed-id:138292308"
62.210.250.66 - - [08/Feb/2016:11:50:29 -0800] "POST /xmlrpc.php HTTP/1.1" 200 433 "http://hnwatcher.com/" "Mozilla/5.0 (Windows NT 10.0; WOW64) AppleWebKit/537.36 (KHTML, like Gecko) Chrome/46.0.2490.86 Safari/537.36"
209.133.111.211 - - [08/Feb/2016:11:52:53 -0800] "GET /robots.txt HTTP/1.1" 200 367 "-" "python-requests/2.2.1 CPython/2.7.3 Linux/3.2.0-56-generic"
213.245.234.126 - - [08/Feb/2016:11:55:37 -0800] "GET /trouver-un-job-tech-a-san-francisco-ou-dans-la-silicon HTTP/1.1" 404 4871 "-" "Mozilla/5.0 (Macintosh; Intel Mac OS X 10_11_3) AppleWebKit/601.4.4 (KHTML, like Gecko)"
213.245.234.126 - - [08/Feb/2016:11:55:50 -0800] "GET /post/98008044383/trouver-un-job-tech-a-san-francisco-ou-dans-la-silicon HTTP/1.1" 301 374 "-" "Mozilla/5.0 (iPhone; CPU iPhone OS 9_1 like Mac OS X) AppleWebKit/601.1.46 (KHTML, like Gecko) Version/9.0 Mobile/13B143 Safari/601.1"
213.245.234.126 - - [08/Feb/2016:11:55:52 -0800] "GET /apple-touch-icon.png HTTP/1.1" 404 4871 "-" "Safari/11601.4.4 CFNetwork/760.2.6 Darwin/15.3.0 (x86_64)"
80.15.155.77 - - [08/Feb/2016:11:58:00 -0800] "GET /wordpress/wp-content/uploads/2015/02/favico.png HTTP/1.1" 304 187 "-" "Safari/11601.2.7.2 CFNetwork/760.1.2 Darwin/15.0.0 (x86_64)"
80.15.155.77 - - [08/Feb/2016:11:58:11 -0800] "GET /post/98008044383/trouver-un-job-tech-a-san-francisco-ou-dans-la-silicon HTTP/1.1" 301 374 "-" "Mozilla/5.0 (iPhone; CPU iPhone OS 8_1 like Mac OS X) AppleWebKit/600.1.4 (KHTML, like Gecko) Version/8.0 Mobile/12B410 Safari/600.1.4"
80.15.155.77 - - [08/Feb/2016:11:58:13 -0800] "GET /apple-touch-icon.png HTTP/1.1" 404 4871 "-" "Safari/11601.2.7.2 CFNetwork/760.1.2 Darwin/15.0.0 (x86_64)"
155.56.68.218 - - [08/Feb/2016:11:59:49 -0800] "GET /wp-content/uploads/2015/02/1620528_10152406520622652_278602715_n-300x300.jpg HTTP/1.1" 200 37378 "http://hnwatcher.com/silicon-valley/" "Mozilla/5.0 (Windows NT 6.1; WOW64; Trident/7.0; rv:11.0) like Gecko"
155.56.68.218 - - [08/Feb/2016:11:59:49 -0800] "GET /wp-content/uploads/2015/03/1-l57K-8uyN9ELuGbgcaItmw-1024x524.png HTTP/1.1" 200 190496 "http://hnwatcher.com/silicon-valley/" "Mozilla/5.0 (Windows NT 6.1; WOW64; Trident/7.0; rv:11.0) like Gecko"
82.235.177.32 - - [08/Feb/2016:12:01:04 -0800] "GET /post/98008044383/trouver-un-job-tech-a-san-francisco-ou-dans-la-silicon HTTP/1.1" 301 374 "-" "Mozilla/5.0 (Windows NT 6.0) AppleWebKit/537.36 (KHTML, like Gecko) Chrome/47.0.2526.111 Safari/537.36"
82.235.177.32 - - [08/Feb/2016:12:01:06 -0800] "GET /wp-content/plugins/wp-shortcode/css/tipsy.css?ver=4.1.1 HTTP/1.1" 200 868 "http://techmeup.co/trouver-un-job-tech-a-san-francisco-ou-dans-la-silicon" "Mozilla/5.0 (Windows NT 6.0) AppleWebKit/537.36 (KHTML, like Gecko) Chrome/47.0.2526.111 Safari/537.36"
82.235.177.32 - - [08/Feb/2016:12:01:06 -0800] "GET /wp-content/plugins/easy-twitter-feed-widget/easy-twitter-feed-widget.css?ver=4.1.1 HTTP/1.1" 200 505 "http://techmeup.co/trouver-un-job-tech-a-san-francisco-ou-dans-la-silicon" "Mozilla/5.0 (Windows NT 6.0) AppleWebKit/537.36 (KHTML, like Gecko) Chrome/47.0.2526.111 Safari/537.36"
82.235.177.32 - - [08/Feb/2016:12:01:07 -0800] "GET /wp-content/plugins/wp-shortcode/js/wp-shortcode.js?ver=4.1.1 HTTP/1.1" 200 831 "http://techmeup.co/trouver-un-job-tech-a-san-francisco-ou-dans-la-silicon" "Mozilla/5.0 (Windows NT 6.0) AppleWebKit/537.36 (KHTML, like Gecko) Chrome/47.0.2526.111 Safari/537.36"
82.235.177.32 - - [08/Feb/2016:12:01:07 -0800] "GET /wp-content/themes/great/images/facebook.png HTTP/1.1" 200 4285 "http://techmeup.co/wp-content/themes/great/style.css" "Mozilla/5.0 (Windows NT 6.0) AppleWebKit/537.36 (KHTML, like Gecko) Chrome/47.0.2526.111 Safari/537.36"
82.235.177.32 - - [08/Feb/2016:12:01:07 -0800] "GET /wp-content/themes/great/images/arrow.png HTTP/1.1" 200 437 "http://techmeup.co/wp-content/themes/great/style.css" "Mozilla/5.0 (Windows NT 6.0) AppleWebKit/537.36 (KHTML, like Gecko) Chrome/47.0.2526.111 Safari/537.36"
198.58.102.155 - - [08/Feb/2016:12:09:27 -0800] "GET /rss HTTP/1.1" 304 219 "-" "Superfeedr bot/2.0 http://superfeedr.com - Make your feeds realtime: get in touch - feed-id:138292308"
37.59.46.141 - - [08/Feb/2016:12:16:45 -0800] "POST /xmlrpc.php HTTP/1.0" 200 629 "-" "-"
37.59.46.141 - - [08/Feb/2016:12:16:47 -0800] "POST /xmlrpc.php HTTP/1.0" 200 55199 "-" "-"
37.59.46.141 - - [08/Feb/2016:12:16:49 -0800] "POST /xmlrpc.php HTTP/1.0" 200 55199 "-" "-"
37.59.46.141 - - [08/Feb/2016:12:16:51 -0800] "POST /xmlrpc.php HTTP/1.0" 200 55199 "-" "-"
37.59.46.141 - - [08/Feb/2016:12:16:53 -0800] "POST /xmlrpc.php HTTP/1.0" 200 629 "-" "-"
37.59.46.141 - - [08/Feb/2016:12:16:56 -0800] "POST /xmlrpc.php HTTP/1.0" 200 55199 "-" "-"
37.59.46.141 - - [08/Feb/2016:12:16:58 -0800] "POST /xmlrpc.php HTTP/1.0" 200 55199 "-" "-"
37.59.46.141 - - [08/Feb/2016:12:17:00 -0800] "POST /xmlrpc.php HTTP/1.0" 200 55199 "-" "-"
37.59.46.141 - - [08/Feb/2016:12:17:02 -0800] "POST /xmlrpc.php HTTP/1.0" 200 55199 "-" "-"
37.59.46.141 - - [08/Feb/2016:12:17:05 -0800] "POST /xmlrpc.php HTTP/1.0" 200 55199 "-" "-"
37.59.46.141 - - [08/Feb/2016:12:17:07 -0800] "POST /xmlrpc.php HTTP/1.0" 200 55199 "-" "-"
37.59.46.141 - - [08/Feb/2016:12:17:09 -0800] "POST /xmlrpc.php HTTP/1.0" 200 55199 "-" "-"
37.59.46.141 - - [08/Feb/2016:12:17:11 -0800] "POST /xmlrpc.php HTTP/1.0" 200 55199 "-" "-"
37.59.46.141 - - [08/Feb/2016:12:17:13 -0800] "POST /xmlrpc.php HTTP/1.0" 200 55199 "-" "-"
37.59.46.141 - - [08/Feb/2016:12:17:16 -0800] "POST /xmlrpc.php HTTP/1.0" 200 55199 "-" "-"
37.59.46.141 - - [08/Feb/2016:12:17:18 -0800] "POST /xmlrpc.php HTTP/1.0" 200 55199 "-" "-"
37.59.46.141 - - [08/Feb/2016:12:17:20 -0800] "POST /xmlrpc.php HTTP/1.0" 200 55199 "-" "-"
37.59.46.141 - - [08/Feb/2016:12:17:22 -0800] "POST /xmlrpc.php HTTP/1.0" 200 55199 "-" "-"
